---
source: compiler-core/src/nix/tests/bools.rs
expression: "pub fn negate(x) {\n  !panic\n}"
---
let
  inherit (builtins.import ./../gleam.nix) makeError;
  
  negate =
    x:
    !(builtins.throw
      (makeError "panic" "my/mod" 2 "negate" "panic expression evaluated" { }));
in
{ inherit negate; }
