---
source: compiler-core/src/nix/tests/strings.rs
expression: "\npub fn unicode_escape_sequence_6_digits() -> String {\n  \"\\u{10abcd}\"\n}\n"
---
let
  inherit (builtins.import ./../gleam.nix) parseEscape;
  
  unicode_escape_sequence_6_digits = "${parseEscape "\\U0010abcd"}";
in { inherit unicode_escape_sequence_6_digits; }
