---
source: compiler-core/src/nix/tests/case.rs
expression: "\npub fn main() {\n  case \"12345\" {\n    \"0\" <> rest -> rest\n    \"123\" <> rest -> rest\n    _ -> \"\"\n  }\n}\n"
---
let
  main =
    let
      _pat' = "12345";
    in
      if "0" == (builtins.substring 0 (builtins.stringLength "0") _pat')
      then let rest = (builtins.substring 1 (-1) _pat'); in rest
      else if
        "123" == (builtins.substring 0 (builtins.stringLength "123") _pat')
      then let rest = (builtins.substring 3 (-1) _pat'); in rest
      else "";
in { inherit main; }
