---
source: compiler-core/src/nix/tests/bit_arrays.rs
expression: "\nfn go(x) {\n  let assert <<258:16>> = x\n}\n"
---
let
  inherit (builtins.import ./../gleam.nix) byteSize intFromBitSlice;
  
  go =
    x:
      if (intFromBitSlice x 0 2) != 258 || byteSize x != 2
      then builtins.throw "Assignment pattern did not match"
      else x;
in {}
