---
source: compiler-core/src/nix/tests/functions.rs
expression: "import inherit.{with as null} as or\n\npub fn in() {\n  let rec = or.with\n  null()\n}\n"
---
let
  or'' = builtins.import ./../inherit.nix;
  null' = (builtins.import ./../inherit.nix).with';
  
  in' = {}: let rec' = or''.with'; in null' {};
in { inherit in'; }
