---
source: compiler-core/src/nix/tests/functions.rs
expression: "\npub fn add(x, y) {\nx + y\n}\n\npub fn long() {\n  add(1, add(1, add(1, add(1, add(1, add(1, add(1, add(1, add(1, add(1, add(1, add(1, add(1, add(1, add(1, 1)))))))))))))))\n}"
snapshot_kind: text
---
----- SOURCE CODE

pub fn add(x, y) {
x + y
}

pub fn long() {
  add(1, add(1, add(1, add(1, add(1, add(1, add(1, add(1, add(1, add(1, add(1, add(1, add(1, add(1, add(1, 1)))))))))))))))
}

----- COMPILED NIX
let
  add = x: y: x + y;
  
  long =
    { }:
    add
      1
      (add
        1
        (add
          1
          (add
            1
            (add
              1
              (add
                1
                (add
                  1
                  (add
                    1
                    (add 1 (add 1 (add 1 (add 1 (add 1 (add 1 (add 1 1))))))))))))));
in
{ inherit add long; }
