---
source: compiler-core/src/nix/tests/assignments.rs
expression: "\n\nfn go(x, wibble) {\n  let a = 1\n  wibble(a)\n  let a = 2\n  wibble(a)\n  let assert #(a, 3) = x\n  let b = a\n  wibble(b)\n  let c = {\n    let a = a\n    #(a, b)\n  }\n  wibble(a)\n  // make sure arguments are counted in initial state\n  let x = c\n  x\n}\n"
snapshot_kind: text
---
----- SOURCE CODE


fn go(x, wibble) {
  let a = 1
  wibble(a)
  let a = 2
  wibble(a)
  let assert #(a, 3) = x
  let b = a
  wibble(b)
  let c = {
    let a = a
    #(a, b)
  }
  wibble(a)
  // make sure arguments are counted in initial state
  let x = c
  x
}


----- COMPILED NIX
let
  inherit (builtins.import ./../gleam.nix) makeError seqAll;
  
  go =
    x: wibble:
    let
      a = 1;
      _' = wibble a;
      a'1 = 2;
      _'1 = wibble a'1;
      _assert' =
        if (builtins.elemAt x 1) != 3 then
          builtins.throw
            (makeError
              "let_assert"
              "my/mod"
              8
              "go"
              "Pattern match failed, no pattern matched the value."
              { value = x; })
        else null;
      a'2 = builtins.seq _assert' (builtins.elemAt x 0);
      b = a'2;
      _'2 = wibble b;
      c = let a'3 = a'2; in [ a'3 b ];
      _'3 = wibble a'2;
      x'1 = c;
    in
    seqAll [ _' _'1 _assert' _'2 _'3 ] x'1;
in
{ }
