---
source: compiler-core/src/nix/tests/custom_types.rs
expression: "import other\npub fn main() {\n  other.Two(b: 2, c: 3, a: 1)\n}"
snapshot_kind: text
---
----- SOURCE CODE
import other
pub fn main() {
  other.Two(b: 2, c: 3, a: 1)
}

----- COMPILED NIX
let
  other' = builtins.import ./../other.nix;
  
  main = { }: other'.Two 1 2 3;
in
{ inherit main; }
