---
source: compiler-core/src/nix/tests/bit_arrays.rs
expression: "\nfn go() {\n  <<256:size(4)>>\n}\n"
snapshot_kind: text
---
error: Unsupported feature for compilation target
  ┌─ /src/nix/error.gleam:3:5
  │
3 │   <<256:size(4)>>
  │     ^^^^^^^^^^^

Non byte aligned array is not supported for Nix compilation.
