---
source: compiler-core/src/nix/tests/bit_arrays.rs
expression: "\nfn go(x) {\n  let assert <<258:16>> = x\n}\n"
snapshot_kind: text
---
----- SOURCE CODE

fn go(x) {
  let assert <<258:16>> = x
}


----- COMPILED NIX
let
  inherit (builtins.import ./../gleam.nix) makeError byteSize intFromBitSlice;
  
  go =
    x:
    if (intFromBitSlice x 0 2) != 258 || byteSize x != 2 then
      builtins.throw
        (makeError
          "let_assert"
          "my/mod"
          3
          "go"
          "Pattern match failed, no pattern matched the value."
          { value = x; })
    else x;
in
{ }
