---
source: compiler-core/src/nix/tests/case_clause_guards.rs
expression: "import gleam.{Ok as Y}\npub type X {\n  Ok\n}\nfn func() {\n  case Y {\n    y if y == Y -> True\n    _ -> False\n  }\n}\n"
snapshot_kind: text
---
----- SOURCE CODE
import gleam.{Ok as Y}
pub type X {
  Ok
}
fn func() {
  case Y {
    y if y == Y -> True
    _ -> False
  }
}


----- COMPILED NIX
let
  gleam' = builtins.import ./../gleam.nix;
  Y = (builtins.import ./../gleam.nix).Ok;
  
  Ok = { __gleamTag = "Ok"; };
  
  func =
    { }: let _pat' = Y; in if _pat' == Y then let y = _pat'; in true else false;
in
{ inherit Ok; }
