---
source: compiler-core/src/nix/tests/functions.rs
expression: "pub fn main() {\n  let main = fn() { 0 }\n  main()\n}\n"
snapshot_kind: text
---
----- SOURCE CODE
pub fn main() {
  let main = fn() { 0 }
  main()
}


----- COMPILED NIX
let main = { }: let main'1 = { }: 0; in main'1 { }; in { inherit main; }
