---
source: compiler-core/src/nix/tests/custom_types.rs
expression: "\ntype Mine {\n    This\n    ThatOneIsAMuchMuchMuchMuchMuchMuchMuchMuchMuchMuchMuchMuchLongerVariant\n}\n\nconst this = This\nconst that = ThatOneIsAMuchMuchMuchMuchMuchMuchMuchMuchMuchMuchMuchMuchLongerVariant\n"
snapshot_kind: text
---
----- SOURCE CODE

type Mine {
    This
    ThatOneIsAMuchMuchMuchMuchMuchMuchMuchMuchMuchMuchMuchMuchLongerVariant
}

const this = This
const that = ThatOneIsAMuchMuchMuchMuchMuchMuchMuchMuchMuchMuchMuchMuchLongerVariant


----- COMPILED NIX
let
  This = { __gleamTag = "This"; };
  
  ThatOneIsAMuchMuchMuchMuchMuchMuchMuchMuchMuchMuchMuchMuchLongerVariant =
    {
      __gleamTag =
        "ThatOneIsAMuchMuchMuchMuchMuchMuchMuchMuchMuchMuchMuchMuchLongerVariant";
    };
  
  this = This;
  
  that =
    ThatOneIsAMuchMuchMuchMuchMuchMuchMuchMuchMuchMuchMuchMuchLongerVariant;
in
{ }
