---
source: compiler-core/src/nix/tests/custom_types.rs
expression: "import other.{Two}\nconst a = Two\n"
snapshot_kind: text
---
----- SOURCE CODE
import other.{Two}
const a = Two


----- COMPILED NIX
let
  other' = builtins.import ./../other.nix;
  inherit (builtins.import ./../other.nix) Two;
  
  a = Two;
in
{ }
