---
source: compiler-core/src/nix/tests/lists.rs
expression: "\nfn go() {\n  [] == [1]\n  [] != [1]\n}\n"
snapshot_kind: text
---
----- SOURCE CODE

fn go() {
  [] == [1]
  [] != [1]
}


----- COMPILED NIX
let
  inherit (builtins.import ./../gleam.nix) toList;
  
  go =
    { }:
    let
      _' = (toList [ ]) == (toList [ 1 ]);
    in
    builtins.seq _' ((toList [ ]) != (toList [ 1 ]));
in
{ }
