---
source: compiler-core/src/nix/tests/case_clause_guards.rs
expression: "\n          import hero\n          pub fn main() {\n            let name = \"Tony Stark\"\n            case name {\n              n if n == hero.inherit -> True\n              _ -> False\n            }\n          }\n        "
---
let
  hero' = builtins.import ./../../package/hero.nix;
  
  main =
    { }:
    let
      name = "Tony Stark";
    in if name == hero'.inherit' then let n = name; in true else false;
in { inherit main; }
