---
source: compiler-core/src/nix/tests/recursion.rs
expression: "\npub fn main(x) {\n  case x {\n    0 -> Nil\n    _ -> {\n      let y = x\n      main(y - 1)\n    }\n  }\n}\n"
snapshot_kind: text
---
----- SOURCE CODE

pub fn main(x) {
  case x {
    0 -> Nil
    _ -> {
      let y = x
      main(y - 1)
    }
  }
}


----- COMPILED NIX
let
  main = x: if x == 0 then null else let y = x; in main (y - 1);
in
{ inherit main; }
