---
source: compiler-core/src/nix/tests/lists.rs
expression: "\nfn go(x) {\n    [{True 1}]\n}\n"
snapshot_kind: text
---
----- SOURCE CODE

fn go(x) {
    [{True 1}]
}


----- COMPILED NIX
let
  inherit (builtins.import ./../gleam.nix) toList;
  
  go = x: toList [ (let _' = true; in builtins.seq _' 1) ];
in
{ }
