---
source: compiler-core/src/nix/tests/case_clause_guards.rs
expression: "import gleam\npub type X {\n  Ok\n}\nfn func(x) {\n  case gleam.Ok {\n    _ if [] == [ gleam.Ok ] -> True\n    _ -> False\n  }\n}\n"
snapshot_kind: text
---
----- SOURCE CODE
import gleam
pub type X {
  Ok
}
fn func(x) {
  case gleam.Ok {
    _ if [] == [ gleam.Ok ] -> True
    _ -> False
  }
}


----- COMPILED NIX
let
  gleam' = builtins.import ./../gleam.nix;
  inherit (builtins.import ./../gleam.nix) Ok toList;
  
  Ok = { __gleamTag = "Ok"; };
  
  func =
    x:
    let
      _pat' = gleam'.Ok;
    in
    if (toList [ ]) == (toList [ Ok ]) then true
    else false;
in
{ inherit Ok; }
