---
source: compiler-core/src/nix/tests/tuples.rs
expression: "\nconst e = #(\n  \"loooooooooooooong\", \"loooooooooooong\", \"loooooooooooooong\",\n  \"loooooooooooooong\", \"loooooooooooong\", \"loooooooooooooong\",\n)\n"
---
let
  e =
    [
      "loooooooooooooong"
      "loooooooooooong"
      "loooooooooooooong"
      "loooooooooooooong"
      "loooooooooooong"
      "loooooooooooooong"
    ];
in {}
