---
source: compiler-core/src/nix/tests/custom_types.rs
expression: "import other\npub const main = other.Two(field: 1)\n"
snapshot_kind: text
---
----- SOURCE CODE
import other
pub const main = other.Two(field: 1)


----- COMPILED NIX
let
  other' = builtins.import ./../other.nix;
  
  main = other'.Two 1;
in
{ inherit main; }
