---
source: compiler-core/src/nix/tests/strings.rs
expression: "\nconst cute = \"cute\"\nconst cute_bee = cute <> \"bee\"\nconst cute_cute_bee_buzz = cute <> cute_bee <> \"buzz\"\npub fn main() {\n  cute_cute_bee_buzz\n}\n"
---
let
  cute = "cute";
  
  cute_bee = cute + "bee";
  
  cute_cute_bee_buzz = cute + (cute_bee + "buzz");
  
  main = { }: cute_cute_bee_buzz;
in
{ inherit main; }
