---
source: compiler-core/src/nix/tests/records.rs
expression: "\npub type Person {\n    Teacher(name: Nil, age: Int)\n    Student(name: String, age: Int)\n}\npub fn get_age(person: Person) { person.age }"
snapshot_kind: text
---
----- SOURCE CODE

pub type Person {
    Teacher(name: Nil, age: Int)
    Student(name: String, age: Int)
}
pub fn get_age(person: Person) { person.age }

----- COMPILED NIX
let
  Teacher = name: age: { __gleamTag = "Teacher"; inherit name age; };
  
  Student = name: age: { __gleamTag = "Student"; inherit name age; };
  
  get_age = person: person.age;
in
{ inherit Teacher Student get_age; }
