---
source: compiler-core/src/nix/tests/case_clause_guards.rs
expression: "\n          import hero\n          pub fn main() {\n            let names = [\"Tony Stark\", \"Bruce Wayne\"]\n            case names {\n              n if n == hero.heroes -> True\n              _ -> False\n            }\n          }\n        "
snapshot_kind: text
---
----- SOURCE CODE

          import hero
          pub fn main() {
            let names = ["Tony Stark", "Bruce Wayne"]
            case names {
              n if n == hero.heroes -> True
              _ -> False
            }
          }
        

----- COMPILED NIX
let
  hero' = builtins.import ./../../package/hero.nix;
  inherit (builtins.import ./../gleam.nix) toList;
  
  main =
    { }:
    let
      names = toList [ "Tony Stark" "Bruce Wayne" ];
    in
    if names == hero'.heroes then let n = names; in true
    else false;
in
{ inherit main; }
