---
source: compiler-core/src/nix/tests/numbers.rs
expression: "\nfn go() {\n    0.01e-1\n    0.01e-0\n    -10.01e-1\n    -10.01e-0\n    100.001e222\n    -100.001e-222\n    100.001e12_3\n    -100.001e-12_3\n}\n"
---
----- SOURCE CODE

fn go() {
    0.01e-1
    0.01e-0
    -10.01e-1
    -10.01e-0
    100.001e222
    -100.001e-222
    100.001e12_3
    -100.001e-12_3
}


----- COMPILED NIX
let
  inherit (builtins.import ./../gleam.nix) seqAll;
  
  go =
    { }:
    let
      _' = 0.01e-1;
      _'1 = 0.01e-0;
      _'2 = -10.01e-1;
      _'3 = -10.01e-0;
      _'4 = 100.001e222;
      _'5 = -100.001e-222;
      _'6 = 100.001e123;
    in
    seqAll [ _' _'1 _'2 _'3 _'4 _'5 _'6 ] (-100.001e-123);
in
{ }
