---
source: compiler-core/src/nix/tests/externals.rs
expression: "\n@external(nix, \"./blah\", \"(x: x)\")\npub fn one(x: Int) -> Int {\n  1\n}\n"
snapshot_kind: text
---
----- SOURCE CODE

@external(nix, "./blah", "(x: x)")
pub fn one(x: Int) -> Int {
  1
}


----- ERROR
error: Invalid Nix function
  ┌─ /src/one/two.gleam:3:1
  │
3 │ pub fn one(x: Int) -> Int {
  │ ^^^^^^^^^^^^^^^^^^^^^^^^^

The function `one` has an external Nix implementation but the function name
`(x: x)` is not valid, as it must be a valid Nix identifier.
