---
source: compiler-core/src/nix/tests/records.rs
expression: "\npub type Person { Person(name: String, age: Int) }\npub fn get_age(person: Person) { person.age }\npub fn get_name(person: Person) { person.name }\n"
---
let
  Person = name: age: { __gleamTag = "Person"; inherit name age; };
  
  get_age = person: person.age;
  
  get_name = person: person.name;
in { inherit Person get_age get_name; }
