---
source: compiler-core/src/nix/tests/use_.rs
expression: "\npub fn main() {\n  let thingy = fn(f) { f() }\n  use <- thingy()\n}\n"
---
let
  inherit (builtins.import ./../gleam.nix) makeError;
  
  main =
    { }:
    let
      thingy = f: f { };
    in
    thingy
      ({ }:
      builtins.throw
        (makeError
          "todo"
          "my/mod"
          4
          "main"
          "This has not yet been implemented"
          { }));
in
{ inherit main; }
