---
source: compiler-core/src/nix/tests/bools.rs
expression: "pub fn negate(x) {\n    x && todo\n}"
snapshot_kind: text
---
----- SOURCE CODE
pub fn negate(x) {
    x && todo
}

----- COMPILED NIX
let
  inherit (builtins.import ./../gleam.nix) makeError;
  
  negate =
    x:
    x && (builtins.throw
      (makeError
        "todo"
        "my/mod"
        2
        "negate"
        "`todo` expression evaluated. This code has not yet been implemented."
        { }));
in
{ inherit negate; }
