---
source: compiler-core/src/nix/tests/functions.rs
expression: "\npub fn count(xs, n) {\n  case xs {\n    [] -> n\n    [_, ..xs] -> count(xs, n + 1)\n  }\n}\n"
---
let
  inherit (builtins.import ./../gleam.nix) listHasLength;
  
  count =
    xs: n:
    if listHasLength xs 0 then n
    else let xs'1 = xs.tail; in count xs'1 (n + 1);
in { inherit count; }
