---
source: compiler-core/src/nix/tests/modules.rs
expression: "\nimport rocket_ship\npub const variable = rocket_ship.inherit\n"
snapshot_kind: text
---
----- SOURCE CODE

import rocket_ship
pub const variable = rocket_ship.inherit


----- COMPILED NIX
let
  rocket_ship' = builtins.import ./../rocket_ship.nix;
  
  variable = rocket_ship'.inherit';
in
{ inherit variable; }
