---
source: compiler-core/src/nix/tests/modules.rs
expression: "\nimport rocket_ship as boop\npub fn go() { boop.x }\n"
snapshot_kind: text
---
----- SOURCE CODE

import rocket_ship as boop
pub fn go() { boop.x }


----- COMPILED NIX
let
  boop' = builtins.import ./../rocket_ship.nix;
  
  go = { }: boop'.x;
in
{ inherit go; }
