---
source: compiler-core/src/nix/tests/bit_arrays.rs
expression: "\nfn go(x) {\n  let assert <<a:16, b:8>> = x\n  #(a, b)\n}\n"
snapshot_kind: text
---
let
  inherit (builtins.import ./../gleam.nix) makeError byteSize intFromBitSlice;
  
  go =
    x:
    let
      _assert' =
        if byteSize x != 3 then
          builtins.throw
            (makeError
              "let_assert"
              "my/mod"
              3
              "go"
              "Pattern match failed, no pattern matched the value."
              { value = x; })
        else null;
      a = builtins.seq _assert' (intFromBitSlice x 0 2);
      b = builtins.seq _assert' (intFromBitSlice x 2 3);
    in
    builtins.seq _assert' [ a b ];
in
{ }
