---
source: compiler-core/src/nix/tests/prelude.rs
expression: "import gleam\npub fn go() { gleam.Ok(1) }\n"
snapshot_kind: text
---
----- SOURCE CODE
import gleam
pub fn go() { gleam.Ok(1) }


----- COMPILED NIX
let
  gleam' = builtins.import ./../gleam.nix;
  
  go = { }: gleam'.Ok 1;
in
{ inherit go; }
