---
source: compiler-core/src/nix/tests/functions.rs
expression: "\npub fn this_function_really_does_have_a_ludicrously_unfeasibly_long_name_for_a_function(x, y) {\nx + y\n}"
snapshot_kind: text
---
----- SOURCE CODE

pub fn this_function_really_does_have_a_ludicrously_unfeasibly_long_name_for_a_function(x, y) {
x + y
}

----- COMPILED NIX
let
  this_function_really_does_have_a_ludicrously_unfeasibly_long_name_for_a_function =
    x: y: x + y;
in
{
  inherit
    this_function_really_does_have_a_ludicrously_unfeasibly_long_name_for_a_function
    ;
}
