---
source: compiler-core/src/nix/tests/todo.rs
expression: "\nfn go() {\n    todo\n}\n"
snapshot_kind: text
---
----- SOURCE CODE

fn go() {
    todo
}


----- COMPILED NIX
let
  inherit (builtins.import ./../gleam.nix) makeError;
  
  go =
    { }:
    builtins.throw
      (makeError
        "todo"
        "my/mod"
        3
        "go"
        "`todo` expression evaluated. This code has not yet been implemented."
        { });
in
{ }
