---
source: compiler-core/src/nix/tests/bit_arrays.rs
expression: "\nfn go() {\n  let x = 4\n  <<256:size(x)>>\n}\n"
snapshot_kind: text
---
----- SOURCE CODE

fn go() {
  let x = 4
  <<256:size(x)>>
}


----- COMPILED NIX
let
  inherit (builtins.import ./../gleam.nix) toBitArray sizedInt;
  
  go = { }: let x = 4; in toBitArray [ (sizedInt 256 x) ];
in
{ }
