---
source: compiler-core/src/nix/tests/bit_arrays.rs
expression: "\nfn go(x) {\n  let assert <<>> = x\n}\n"
snapshot_kind: text
---
let
  inherit (builtins.import ./../gleam.nix) makeError byteSize;
  
  go =
    x:
    if byteSize x != 0 then
      builtins.throw
        (makeError
          "let_assert"
          "my/mod"
          3
          "go"
          "Pattern match failed, no pattern matched the value."
          { value = x; })
    else x;
in
{ }
