---
source: compiler-core/src/nix/tests/strings.rs
expression: "\nfn go(a) {\n  case a {\n    \"\" -> 0\n    \"one\" -> 1\n    \"two\" -> 2\n    _ -> 3\n  }\n}\n"
snapshot_kind: text
---
----- SOURCE CODE

fn go(a) {
  case a {
    "" -> 0
    "one" -> 1
    "two" -> 2
    _ -> 3
  }
}


----- COMPILED NIX
let
  go =
    a:
    if a == "" then 0
    else if a == "one" then 1
    else if a == "two" then 2
    else 3;
in
{ }
