---
source: compiler-core/src/nix/tests/modules.rs
expression: "\nimport rocket_ship.{ x as y }\nconst z = y\n"
snapshot_kind: text
---
----- SOURCE CODE

import rocket_ship.{ x as y }
const z = y


----- COMPILED NIX
let
  rocket_ship' = builtins.import ./../rocket_ship.nix;
  y = (builtins.import ./../rocket_ship.nix).x;
  
  z = y;
in
{ }
