---
source: compiler-core/src/nix/tests/externals.rs
expression: "\n@external(erlang, \"one\", \"one\")\n@external(javascript, \"./one.mjs\", \"oneJs\")\n@external(nix, \"./one.nix\", \"oneNix\")\nfn one(x: Int) -> Int {\n  todo\n}\n\npub fn main() {\n  one(1)\n}\n"
---
let
  one = (builtins.import ./one.nix).oneNix;
  
  main = { }: one 1;
in { inherit main; }
