---
source: compiler-core/src/nix/tests/modules.rs
expression: "import one/two/three\npub fn go() { three.go() }"
snapshot_kind: text
---
----- SOURCE CODE
import one/two/three
pub fn go() { three.go() }

----- COMPILED NIX
let
  three' = builtins.import ./../one/two/three.nix;
  
  go = { }: three'.go { };
in
{ inherit go; }
