---
source: compiler-core/src/nix/tests/functions.rs
expression: "\npub fn math(x, y) {\n  fn() {\n    x + y\n    x - y\n    2 * x\n  }\n}"
snapshot_kind: text
---
----- SOURCE CODE

pub fn math(x, y) {
  fn() {
    x + y
    x - y
    2 * x
  }
}

----- COMPILED NIX
let
  inherit (builtins.import ./../gleam.nix) seqAll;
  
  math = x: y: { }: let _' = x + y; _'1 = x - y; in seqAll [ _' _'1 ] (2 * x);
in
{ inherit math; }
