---
source: compiler-core/src/javascript/tests/bit_arrays.rs
expression: "\nfn go(i: Int) {\n  <<256:16-little>>\n  <<i:16-little>>\n}\n"
---
----- SOURCE CODE

fn go(i: Int) {
  <<256:16-little>>
  <<i:16-little>>
}


----- COMPILED JAVASCRIPT
import { toBitArray, sizedInt } from "../gleam.mjs";

function go(i) {
  toBitArray([0, 1]);
  return toBitArray([sizedInt(i, 16, false)]);
}
